21:42:36 **** Auto Build of configuration Debug for project hello3_fr ****
make all 
Building file: ../src/freertos_hello_world.c
Invoking: ARM gcc compiler
arm-xilinx-eabi-gcc -Wall -O0 -g3 -c -fmessage-length=0 -MT"src/freertos_hello_world.o" -I../../freertos821_xilinx_bsp_0/ps7_cortexa9_0/include -MMD -MP -MF"src/freertos_hello_world.d" -MT"src/freertos_hello_world.d" -o "src/freertos_hello_world.o" "../src/freertos_hello_world.c"
../src/freertos_hello_world.c: In function 'prvRxTask':
../src/freertos_hello_world.c:167:6: warning: unused variable 'Status' [-Wunused-variable]
  int Status;
      ^
../src/freertos_hello_world.c:165:7: warning: unused variable 'Recdstring' [-Wunused-variable]
  char Recdstring[15] = "";
       ^
Finished building: ../src/freertos_hello_world.c
 
Building target: hello3_fr.elf
Invoking: ARM gcc linker
arm-xilinx-eabi-gcc -Wl,-T -Wl,../src/lscript.ld -L../../freertos821_xilinx_bsp_0/ps7_cortexa9_0/lib -o "hello3_fr.elf"  ./src/freertos_hello_world.o   -Wl,--start-group,-lxil,-lfreertos,-lgcc,-lc,--end-group
Finished building target: hello3_fr.elf
 
Invoking: ARM Print Size
arm-xilinx-eabi-size hello3_fr.elf  |tee "hello3_fr.elf.size"
   text	   data	    bss	    dec	    hex	filename
  83076	   3196	  58988	 145260	  2376c	hello3_fr.elf
Finished building: hello3_fr.elf.size
 

21:42:36 Build Finished (took 440ms)

